20:29:14 **** Incremental Build of configuration Debug for project signal_detect_app ****
make all 
make --no-print-directory pre-build
a9-linaro-pre-build-step
' '
make --no-print-directory main-build
'Building file: ../src/main.c'
'Invoking: ARM v7 gcc compiler'
arm-none-eabi-gcc -Wall -O0 -g3 -c -fmessage-length=0 -MT"src/main.o" -mcpu=cortex-a9 -mfpu=vfpv3 -mfloat-abi=hard -IC:/Users/suren/Documents/ECE_520/Final_Project/Sandbox/signal_detect_vitis/signal_detect_platform/export/signal_detect_platform/sw/signal_detect_platform/standalone_domain/bspinclude/include -MMD -MP -MF"src/main.d" -MT"src/main.o" -o "src/main.o" "../src/main.c"
'Finished building: ../src/main.c'
' '
'Building target: signal_detect_app.elf'
'Invoking: ARM v7 gcc linker'
arm-none-eabi-gcc -mcpu=cortex-a9 -mfpu=vfpv3 -mfloat-abi=hard -Wl,-build-id=none -specs=Xilinx.spec -Wl,-T -Wl,../src/lscript.ld -LC:/Users/suren/Documents/ECE_520/Final_Project/Sandbox/signal_detect_vitis/signal_detect_platform/export/signal_detect_platform/sw/signal_detect_platform/standalone_domain/bsplib/lib -o "signal_detect_app.elf"  ./src/main.o   -Wl,--start-group,-lxil,-lgcc,-lc,--end-group
'Finished building target: signal_detect_app.elf'
' '
'Invoking: ARM v7 Print Size'
arm-none-eabi-size signal_detect_app.elf  |tee "signal_detect_app.elf.size"
   text	   data	    bss	    dec	    hex	filename
  23769	   1176	  22584	  47529	   b9a9	signal_detect_app.elf
'Finished building: signal_detect_app.elf.size'
' '

20:29:15 Build Finished (took 724ms)

