Copyright 1986-2022 Xilinx, Inc. All Rights Reserved. Copyright 2022-2023 Advanced Micro Devices, Inc. All Rights Reserved.
---------------------------------------------------------------------------------------------------------------------------------------------
| Tool Version : Vivado v.2023.1 (win64) Build 3865809 Sun May  7 15:05:29 MDT 2023
| Date         : Sun Apr 26 20:24:48 2026
| Host         : WIN-3EQ24N3DD8G running 64-bit major release  (build 9200)
| Command      : report_control_sets -verbose -file signal_detect_bd_wrapper_control_sets_placed.rpt
| Design       : signal_detect_bd_wrapper
| Device       : xc7z010
---------------------------------------------------------------------------------------------------------------------------------------------

Control Set Information

Table of Contents
-----------------
1. Summary
2. Histogram
3. Flip-Flop Distribution
4. Detailed Control Set Information

1. Summary
----------

+----------------------------------------------------------+-------+
|                          Status                          | Count |
+----------------------------------------------------------+-------+
| Total control sets                                       |    50 |
|    Minimum number of control sets                        |    50 |
|    Addition due to synthesis replication                 |     0 |
|    Addition due to physical synthesis replication        |     0 |
| Unused register locations in slices containing registers |   127 |
+----------------------------------------------------------+-------+
* Control sets can be merged at opt_design using control_set_merge or merge_equivalent_drivers
** Run report_qor_suggestions for automated merging and remapping suggestions


2. Histogram
------------

+--------------------+-------+
|       Fanout       | Count |
+--------------------+-------+
| Total control sets |    50 |
| >= 0 to < 4        |     3 |
| >= 4 to < 6        |    13 |
| >= 6 to < 8        |     2 |
| >= 8 to < 10       |     2 |
| >= 10 to < 12      |     3 |
| >= 12 to < 14      |     5 |
| >= 14 to < 16      |     2 |
| >= 16              |    20 |
+--------------------+-------+
* Control sets can be remapped at either synth_design or opt_design


3. Flip-Flop Distribution
-------------------------

+--------------+-----------------------+------------------------+-----------------+--------------+
| Clock Enable | Synchronous Set/Reset | Asynchronous Set/Reset | Total Registers | Total Slices |
+--------------+-----------------------+------------------------+-----------------+--------------+
| No           | No                    | No                     |             278 |           84 |
| No           | No                    | Yes                    |               0 |            0 |
| No           | Yes                   | No                     |             118 |           42 |
| Yes          | No                    | No                     |             442 |           96 |
| Yes          | No                    | Yes                    |               0 |            0 |
| Yes          | Yes                   | No                     |             155 |           44 |
+--------------+-----------------------+------------------------+-----------------+--------------+


4. Detailed Control Set Information
-----------------------------------

+---------------------------------------------------------+------------------------------------------------------------------------------------------------------------------------------------------------------------------------+---------------------------------------------------------------------------------------------------------------------------------------------------------------+------------------+----------------+--------------+
|                       Clock Signal                      |                                                                              Enable Signal                                                                             |                                                                        Set/Reset Signal                                                                       | Slice Load Count | Bel Load Count | Bels / Slice |
+---------------------------------------------------------+------------------------------------------------------------------------------------------------------------------------------------------------------------------------+---------------------------------------------------------------------------------------------------------------------------------------------------------------+------------------+----------------+--------------+
|  signal_detect_bd_i/processing_system7_0/inst/FCLK_CLK0 | signal_detect_bd_i/ps7_0_axi_periph/s00_couplers/auto_pc/inst/gen_axilite.gen_b2s_conv.axilite_b2s/WR.aw_channel_0/aw_cmd_fsm_0/FSM_sequential_state_reg[0]_1          | signal_detect_bd_i/ps7_0_axi_periph/s00_couplers/auto_pc/inst/gen_axilite.gen_b2s_conv.axilite_b2s/WR.aw_channel_0/aw_cmd_fsm_0/FSM_sequential_state_reg[0]_0 |                1 |              1 |         1.00 |
|  signal_detect_bd_i/processing_system7_0/inst/FCLK_CLK0 | signal_detect_bd_i/ps7_0_axi_periph/s00_couplers/auto_pc/inst/gen_axilite.gen_b2s_conv.axilite_b2s/WR.b_channel_0/bid_fifo_0/sel                                       |                                                                                                                                                               |                1 |              2 |         2.00 |
|  signal_detect_bd_i/processing_system7_0/inst/FCLK_CLK0 | signal_detect_bd_i/top_0/inst/start_cnt[2]_i_1_n_0                                                                                                                     | signal_detect_bd_i/top_0/inst/u_ctrl/SR[0]                                                                                                                    |                1 |              3 |         3.00 |
|  signal_detect_bd_i/processing_system7_0/inst/FCLK_CLK0 |                                                                                                                                                                        | signal_detect_bd_i/axi_gpio_samples/U0/AXI_LITE_IPIF_I/I_SLAVE_ATTACHMENT/clear                                                                               |                1 |              4 |         4.00 |
|  signal_detect_bd_i/processing_system7_0/inst/FCLK_CLK0 |                                                                                                                                                                        | signal_detect_bd_i/axi_gpio_status/U0/AXI_LITE_IPIF_I/I_SLAVE_ATTACHMENT/clear                                                                                |                1 |              4 |         4.00 |
|  signal_detect_bd_i/processing_system7_0/inst/FCLK_CLK0 | signal_detect_bd_i/axi_gpio_samples/U0/AXI_LITE_IPIF_I/I_SLAVE_ATTACHMENT/start2                                                                                       | signal_detect_bd_i/axi_gpio_samples/U0/AXI_LITE_IPIF_I/I_SLAVE_ATTACHMENT/I_DECODER/cs_ce_clr                                                                 |                1 |              4 |         4.00 |
|  signal_detect_bd_i/processing_system7_0/inst/FCLK_CLK0 | signal_detect_bd_i/ps7_0_axi_periph/s00_couplers/auto_pc/inst/gen_axilite.gen_b2s_conv.axilite_b2s/RD.ar_channel_0/ar_cmd_fsm_0/m_axi_arready_2                        | signal_detect_bd_i/ps7_0_axi_periph/s00_couplers/auto_pc/inst/gen_axilite.gen_b2s_conv.axilite_b2s/RD.ar_channel_0/ar_cmd_fsm_0/FSM_sequential_state_reg[1]_0 |                1 |              4 |         4.00 |
|  signal_detect_bd_i/processing_system7_0/inst/FCLK_CLK0 | signal_detect_bd_i/axi_gpio_status/U0/AXI_LITE_IPIF_I/I_SLAVE_ATTACHMENT/start2                                                                                        | signal_detect_bd_i/axi_gpio_status/U0/AXI_LITE_IPIF_I/I_SLAVE_ATTACHMENT/I_DECODER/cs_ce_clr                                                                  |                1 |              4 |         4.00 |
|  signal_detect_bd_i/processing_system7_0/inst/FCLK_CLK0 | signal_detect_bd_i/axi_gpio_status/U0/AXI_LITE_IPIF_I/I_SLAVE_ATTACHMENT/s_axi_rresp_i                                                                                 | signal_detect_bd_i/axi_gpio_status/U0/AXI_LITE_IPIF_I/I_SLAVE_ATTACHMENT/SR[0]                                                                                |                1 |              4 |         4.00 |
|  signal_detect_bd_i/processing_system7_0/inst/FCLK_CLK0 | signal_detect_bd_i/axi_gpio_status/U0/AXI_LITE_IPIF_I/I_SLAVE_ATTACHMENT/bus2ip_addr_i[8]_i_1_n_0                                                                      | signal_detect_bd_i/axi_gpio_status/U0/AXI_LITE_IPIF_I/I_SLAVE_ATTACHMENT/SR[0]                                                                                |                1 |              4 |         4.00 |
|  signal_detect_bd_i/processing_system7_0/inst/FCLK_CLK0 | signal_detect_bd_i/axi_gpio_samples/U0/AXI_LITE_IPIF_I/I_SLAVE_ATTACHMENT/bus2ip_addr_i[8]_i_1_n_0                                                                     | signal_detect_bd_i/axi_gpio_samples/U0/AXI_LITE_IPIF_I/I_SLAVE_ATTACHMENT/SR[0]                                                                               |                1 |              4 |         4.00 |
|  signal_detect_bd_i/processing_system7_0/inst/FCLK_CLK0 |                                                                                                                                                                        | signal_detect_bd_i/rst_ps7_0_50M/U0/EXT_LPF/lpf_int                                                                                                           |                2 |              4 |         2.00 |
|  signal_detect_bd_i/processing_system7_0/inst/FCLK_CLK0 |                                                                                                                                                                        | signal_detect_bd_i/ps7_0_axi_periph/s00_couplers/auto_pc/inst/gen_axilite.gen_b2s_conv.axilite_b2s/SI_REG/aw.aw_pipe/aresetn_d_reg[0]_0                       |                2 |              4 |         2.00 |
|  signal_detect_bd_i/processing_system7_0/inst/FCLK_CLK0 |                                                                                                                                                                        | signal_detect_bd_i/ps7_0_axi_periph/s00_couplers/auto_pc/inst/gen_axilite.gen_b2s_conv.axilite_b2s/SI_REG/ar.ar_pipe/aresetn_d_reg[1]_inv_0                   |                2 |              4 |         2.00 |
|  signal_detect_bd_i/processing_system7_0/inst/FCLK_CLK0 | signal_detect_bd_i/ps7_0_axi_periph/s00_couplers/auto_pc/inst/gen_axilite.gen_b2s_conv.axilite_b2s/RD.r_channel_0/transaction_fifo_0/cnt_read[4]_i_1_n_0               | signal_detect_bd_i/ps7_0_axi_periph/s00_couplers/auto_pc/inst/gen_axilite.gen_b2s_conv.axilite_b2s/areset_d1                                                  |                2 |              5 |         2.50 |
|  signal_detect_bd_i/processing_system7_0/inst/FCLK_CLK0 | signal_detect_bd_i/ps7_0_axi_periph/s00_couplers/auto_pc/inst/gen_axilite.gen_b2s_conv.axilite_b2s/RD.r_channel_0/rd_data_fifo_0/cnt_read[4]_i_1__0_n_0                | signal_detect_bd_i/ps7_0_axi_periph/s00_couplers/auto_pc/inst/gen_axilite.gen_b2s_conv.axilite_b2s/areset_d1                                                  |                2 |              5 |         2.50 |
|  signal_detect_bd_i/processing_system7_0/inst/FCLK_CLK0 | signal_detect_bd_i/rst_ps7_0_50M/U0/SEQ/seq_cnt_en                                                                                                                     | signal_detect_bd_i/rst_ps7_0_50M/U0/SEQ/SEQ_COUNTER/clear                                                                                                     |                1 |              6 |         6.00 |
|  signal_detect_bd_i/processing_system7_0/inst/FCLK_CLK0 |                                                                                                                                                                        | signal_detect_bd_i/top_0/inst/u_ctrl/SR[0]                                                                                                                    |                3 |              7 |         2.33 |
|  signal_detect_bd_i/processing_system7_0/inst/FCLK_CLK0 | signal_detect_bd_i/ps7_0_axi_periph/s00_couplers/auto_pc/inst/gen_axilite.gen_b2s_conv.axilite_b2s/WR.b_channel_0/mhandshake_r                                         | signal_detect_bd_i/ps7_0_axi_periph/s00_couplers/auto_pc/inst/gen_axilite.gen_b2s_conv.axilite_b2s/WR.b_channel_0/bid_fifo_0/SR[0]                            |                3 |              8 |         2.67 |
|  signal_detect_bd_i/processing_system7_0/inst/FCLK_CLK0 | signal_detect_bd_i/top_0/inst/u_ctrl/bram_addr[7]_i_2_n_0                                                                                                              | signal_detect_bd_i/top_0/inst/u_ctrl/bram_addr[7]_i_1_n_0                                                                                                     |                3 |              8 |         2.67 |
|  signal_detect_bd_i/processing_system7_0/inst/FCLK_CLK0 |                                                                                                                                                                        | signal_detect_bd_i/ps7_0_axi_periph/s00_couplers/auto_pc/inst/gen_axilite.gen_b2s_conv.axilite_b2s/areset_d1                                                  |                4 |             10 |         2.50 |
|  signal_detect_bd_i/processing_system7_0/inst/FCLK_CLK0 |                                                                                                                                                                        | signal_detect_bd_i/ps7_0_axi_periph/xbar/inst/gen_sasd.crossbar_sasd_0/addr_arbiter_inst/SR[0]                                                                |                5 |             11 |         2.20 |
|  signal_detect_bd_i/processing_system7_0/inst/FCLK_CLK0 | signal_detect_bd_i/top_0/inst/u_ctrl/sample_cnt[10]_i_1_n_0                                                                                                            | signal_detect_bd_i/top_0/inst/u_ctrl/SR[0]                                                                                                                    |                4 |             11 |         2.75 |
|  signal_detect_bd_i/processing_system7_0/inst/FCLK_CLK0 | signal_detect_bd_i/ps7_0_axi_periph/s00_couplers/auto_pc/inst/gen_axilite.gen_b2s_conv.axilite_b2s/WR.aw_channel_0/aw_cmd_fsm_0/m_valid_i_reg[0]                       |                                                                                                                                                               |                4 |             12 |         3.00 |
|  signal_detect_bd_i/processing_system7_0/inst/FCLK_CLK0 | signal_detect_bd_i/ps7_0_axi_periph/s00_couplers/auto_pc/inst/gen_axilite.gen_b2s_conv.axilite_b2s/RD.ar_channel_0/ar_cmd_fsm_0/sel_first_reg[0]                       |                                                                                                                                                               |                3 |             12 |         4.00 |
|  signal_detect_bd_i/processing_system7_0/inst/FCLK_CLK0 | signal_detect_bd_i/ps7_0_axi_periph/s00_couplers/auto_pc/inst/gen_axilite.gen_b2s_conv.axilite_b2s/WR.aw_channel_0/cmd_translator_0/incr_cmd_0/axaddr_incr[11]_i_1_n_0 |                                                                                                                                                               |                2 |             12 |         6.00 |
|  signal_detect_bd_i/processing_system7_0/inst/FCLK_CLK0 | signal_detect_bd_i/ps7_0_axi_periph/s00_couplers/auto_pc/inst/gen_axilite.gen_b2s_conv.axilite_b2s/RD.ar_channel_0/ar_cmd_fsm_0/E[0]                                   |                                                                                                                                                               |                5 |             12 |         2.40 |
|  signal_detect_bd_i/processing_system7_0/inst/FCLK_CLK0 | signal_detect_bd_i/ps7_0_axi_periph/s00_couplers/auto_pc/inst/gen_axilite.gen_b2s_conv.axilite_b2s/RD.r_channel_0/r_push_r                                             |                                                                                                                                                               |                4 |             13 |         3.25 |
|  signal_detect_bd_i/processing_system7_0/inst/FCLK_CLK0 | signal_detect_bd_i/ps7_0_axi_periph/s00_couplers/auto_pc/inst/gen_axilite.gen_b2s_conv.axilite_b2s/SI_REG/b.b_pipe/p_1_in                                              |                                                                                                                                                               |                2 |             14 |         7.00 |
|  signal_detect_bd_i/processing_system7_0/inst/FCLK_CLK0 | signal_detect_bd_i/ps7_0_axi_periph/s00_couplers/auto_pc/inst/gen_axilite.gen_b2s_conv.axilite_b2s/SI_REG/b.b_pipe/s_ready_i_reg_0                                     |                                                                                                                                                               |                2 |             14 |         7.00 |
|  signal_detect_bd_i/processing_system7_0/inst/FCLK_CLK0 | signal_detect_bd_i/top_0/inst/u_ctrl/active                                                                                                                            | signal_detect_bd_i/top_0/inst/u_ctrl/div_cnt[0]_i_1_n_0                                                                                                       |                4 |             16 |         4.00 |
|  signal_detect_bd_i/processing_system7_0/inst/FCLK_CLK0 | signal_detect_bd_i/top_0/inst/u_ctrl/sample_out[15]_i_2_n_0                                                                                                            | signal_detect_bd_i/top_0/inst/u_ctrl/SR[0]                                                                                                                    |                4 |             16 |         4.00 |
|  signal_detect_bd_i/processing_system7_0/inst/FCLK_CLK0 | signal_detect_bd_i/ps7_0_axi_periph/s00_couplers/auto_pc/inst/gen_axilite.gen_b2s_conv.axilite_b2s/WR.aw_channel_0/aw_cmd_fsm_0/m_axi_awready_0                        |                                                                                                                                                               |                3 |             16 |         5.33 |
|  signal_detect_bd_i/processing_system7_0/inst/FCLK_CLK0 |                                                                                                                                                                        | signal_detect_bd_i/axi_gpio_samples/U0/AXI_LITE_IPIF_I/I_SLAVE_ATTACHMENT/I_DECODER/bus2ip_rnw_i_reg                                                          |                4 |             16 |         4.00 |
|  signal_detect_bd_i/processing_system7_0/inst/FCLK_CLK0 | signal_detect_bd_i/axi_gpio_samples/U0/AXI_LITE_IPIF_I/I_SLAVE_ATTACHMENT/I_DECODER/E[0]                                                                               | signal_detect_bd_i/axi_gpio_samples/U0/AXI_LITE_IPIF_I/I_SLAVE_ATTACHMENT/SR[0]                                                                               |                4 |             16 |         4.00 |
|  signal_detect_bd_i/processing_system7_0/inst/FCLK_CLK0 | signal_detect_bd_i/axi_gpio_samples/U0/AXI_LITE_IPIF_I/I_SLAVE_ATTACHMENT/s_axi_rresp_i                                                                                | signal_detect_bd_i/axi_gpio_samples/U0/AXI_LITE_IPIF_I/I_SLAVE_ATTACHMENT/SR[0]                                                                               |                3 |             17 |         5.67 |
|  signal_detect_bd_i/processing_system7_0/inst/FCLK_CLK0 | signal_detect_bd_i/ps7_0_axi_periph/xbar/inst/gen_sasd.crossbar_sasd_0/addr_arbiter_inst/p_0_in1_in                                                                    | signal_detect_bd_i/ps7_0_axi_periph/xbar/inst/gen_sasd.crossbar_sasd_0/addr_arbiter_inst/SR[0]                                                                |                6 |             19 |         3.17 |
|  signal_detect_bd_i/processing_system7_0/inst/FCLK_CLK0 | signal_detect_bd_i/ps7_0_axi_periph/s00_couplers/auto_pc/inst/gen_axilite.gen_b2s_conv.axilite_b2s/RD.ar_channel_0/ar_cmd_fsm_0/m_axi_arready_2                        |                                                                                                                                                               |                9 |             21 |         2.33 |
|  signal_detect_bd_i/processing_system7_0/inst/FCLK_CLK0 |                                                                                                                                                                        | signal_detect_bd_i/axi_gpio_status/U0/AXI_LITE_IPIF_I/I_SLAVE_ATTACHMENT/SR[0]                                                                                |                7 |             22 |         3.14 |
|  signal_detect_bd_i/processing_system7_0/inst/FCLK_CLK0 | signal_detect_bd_i/ps7_0_axi_periph/s00_couplers/auto_pc/inst/gen_axilite.gen_b2s_conv.axilite_b2s/WR.aw_channel_0/aw_cmd_fsm_0/FSM_sequential_state_reg[0]_1          |                                                                                                                                                               |                9 |             24 |         2.67 |
|  signal_detect_bd_i/processing_system7_0/inst/FCLK_CLK0 |                                                                                                                                                                        | signal_detect_bd_i/axi_gpio_samples/U0/AXI_LITE_IPIF_I/I_SLAVE_ATTACHMENT/SR[0]                                                                               |               11 |             32 |         2.91 |
|  signal_detect_bd_i/processing_system7_0/inst/FCLK_CLK0 | signal_detect_bd_i/ps7_0_axi_periph/s00_couplers/auto_pc/inst/gen_axilite.gen_b2s_conv.axilite_b2s/RD.r_channel_0/rd_data_fifo_0/wr_en0                                |                                                                                                                                                               |                9 |             34 |         3.78 |
|  signal_detect_bd_i/processing_system7_0/inst/FCLK_CLK0 | signal_detect_bd_i/ps7_0_axi_periph/xbar/inst/gen_sasd.crossbar_sasd_0/addr_arbiter_inst/E[0]                                                                          |                                                                                                                                                               |                6 |             35 |         5.83 |
|  signal_detect_bd_i/processing_system7_0/inst/FCLK_CLK0 | signal_detect_bd_i/ps7_0_axi_periph/s00_couplers/auto_pc/inst/gen_axilite.gen_b2s_conv.axilite_b2s/SI_REG/r.r_pipe/s_ready_i_reg_0                                     |                                                                                                                                                               |               10 |             47 |         4.70 |
|  signal_detect_bd_i/processing_system7_0/inst/FCLK_CLK0 | signal_detect_bd_i/ps7_0_axi_periph/s00_couplers/auto_pc/inst/gen_axilite.gen_b2s_conv.axilite_b2s/SI_REG/r.r_pipe/p_1_in                                              |                                                                                                                                                               |                7 |             47 |         6.71 |
|  signal_detect_bd_i/processing_system7_0/inst/FCLK_CLK0 | signal_detect_bd_i/ps7_0_axi_periph/s00_couplers/auto_pc/inst/gen_axilite.gen_b2s_conv.axilite_b2s/SI_REG/aw.aw_pipe/s_ready_i_reg_0                                   |                                                                                                                                                               |               10 |             48 |         4.80 |
|  signal_detect_bd_i/processing_system7_0/inst/FCLK_CLK0 | signal_detect_bd_i/ps7_0_axi_periph/s00_couplers/auto_pc/inst/gen_axilite.gen_b2s_conv.axilite_b2s/WR.aw_channel_0/aw_cmd_fsm_0/E[0]                                   |                                                                                                                                                               |                9 |             48 |         5.33 |
|  signal_detect_bd_i/processing_system7_0/inst/FCLK_CLK0 | signal_detect_bd_i/ps7_0_axi_periph/s00_couplers/auto_pc/inst/gen_axilite.gen_b2s_conv.axilite_b2s/SI_REG/ar.ar_pipe/s_ready_i_reg_0                                   |                                                                                                                                                               |               10 |             48 |         4.80 |
|  signal_detect_bd_i/processing_system7_0/inst/FCLK_CLK0 | signal_detect_bd_i/ps7_0_axi_periph/s00_couplers/auto_pc/inst/gen_axilite.gen_b2s_conv.axilite_b2s/RD.ar_channel_0/ar_cmd_fsm_0/m_valid_i_reg[0]                       |                                                                                                                                                               |                8 |             48 |         6.00 |
|  signal_detect_bd_i/processing_system7_0/inst/FCLK_CLK0 |                                                                                                                                                                        |                                                                                                                                                               |               85 |            279 |         3.28 |
+---------------------------------------------------------+------------------------------------------------------------------------------------------------------------------------------------------------------------------------+---------------------------------------------------------------------------------------------------------------------------------------------------------------+------------------+----------------+--------------+


